// Jest Snapshot v1, https://goo.gl/fbAQLP

exports[`renders ConfigProvider/demo/basic.md correctly 1`] = `
Array [
  <div
    class="arco-radio-group arco-radio-group-type-button arco-radio-size-default arco-radio-mode-fill"
    style="margin-bottom:40px"
  >
    <label
      class="arco-radio-button arco-radio-checked"
    >
      <input
        checked=""
        name="locale"
        type="radio"
        value="zh-CN"
      />
      <span
        class="arco-radio-button-inner"
      >
        zh-CN
      </span>
    </label>
    <label
      class="arco-radio-button"
    >
      <input
        name="locale"
        type="radio"
        value="en-US"
      />
      <span
        class="arco-radio-button-inner"
      >
        en-US
      </span>
    </label>
    <label
      class="arco-radio-button"
    >
      <input
        name="locale"
        type="radio"
        value="zh-HK"
      />
      <span
        class="arco-radio-button-inner"
      >
        zh-HK
      </span>
    </label>
    <label
      class="arco-radio-button"
    >
      <input
        name="locale"
        type="radio"
        value="ja-JP"
      />
      <span
        class="arco-radio-button-inner"
      >
        ja-JP
      </span>
    </label>
    <label
      class="arco-radio-button"
    >
      <input
        name="locale"
        type="radio"
        value="ko-KR"
      />
      <span
        class="arco-radio-button-inner"
      >
        ko-KR
      </span>
    </label>
    <label
      class="arco-radio-button"
    >
      <input
        name="locale"
        type="radio"
        value="id-ID"
      />
      <span
        class="arco-radio-button-inner"
      >
        id-ID
      </span>
    </label>
    <label
      class="arco-radio-button"
    >
      <input
        name="locale"
        type="radio"
        value="th-TH"
      />
      <span
        class="arco-radio-button-inner"
      >
        th-TH
      </span>
    </label>
    <label
      class="arco-radio-button"
    >
      <input
        name="locale"
        type="radio"
        value="fr-FR"
      />
      <span
        class="arco-radio-button-inner"
      >
        fr-FR
      </span>
    </label>
    <label
      class="arco-radio-button"
    >
      <input
        name="locale"
        type="radio"
        value="es-ES"
      />
      <span
        class="arco-radio-button-inner"
      >
        es-ES
      </span>
    </label>
    <label
      class="arco-radio-button"
    >
      <input
        name="locale"
        type="radio"
        value="de-DE"
      />
      <span
        class="arco-radio-button-inner"
      >
        de-DE
      </span>
    </label>
    <label
      class="arco-radio-button"
    >
      <input
        name="locale"
        type="radio"
        value="it-IT"
      />
      <span
        class="arco-radio-button-inner"
      >
        it-IT
      </span>
    </label>
  </div>,
  <br />,
  <div
    class="arco-pagination arco-pagination-size-default"
    style="margin-bottom:20px;margin-right:40px;min-width:550px"
  >
    <div
      class="arco-pagination-total-text"
    >
      共 200 条
    </div>
    <ul
      class="arco-pagination-list"
    >
      <li
        aria-label="上一页"
        class="arco-pagination-item arco-pagination-item-prev arco-pagination-item-disabled"
      >
        <svg
          aria-hidden="true"
          class="arco-icon arco-icon-left"
          fill="none"
          focusable="false"
          stroke="currentColor"
          stroke-width="4"
          viewBox="0 0 48 48"
        >
          <path
            d="M32 8.4 16.444 23.956 32 39.513"
          />
        </svg>
      </li>
      <li
        aria-current="true"
        aria-label="第 1 页"
        class="arco-pagination-item arco-pagination-item-active"
      >
        1
      </li>
      <li
        aria-label="第 2 页"
        class="arco-pagination-item"
      >
        2
      </li>
      <li
        aria-label="第 3 页"
        class="arco-pagination-item"
      >
        3
      </li>
      <li
        aria-label="第 4 页"
        class="arco-pagination-item"
      >
        4
      </li>
      <li
        aria-label="第 5 页"
        class="arco-pagination-item"
      >
        5
      </li>
      <li
        aria-label="向后 5 页"
        class="arco-pagination-item arco-pagination-item-jumper"
      >
        <svg
          aria-hidden="true"
          class="arco-icon arco-icon-more"
          fill="none"
          focusable="false"
          stroke="currentColor"
          stroke-width="4"
          viewBox="0 0 48 48"
        >
          <path
            d="M38 25v-2h2v2h-2ZM23 25v-2h2v2h-2ZM8 25v-2h2v2H8Z"
            fill="currentColor"
            stroke="none"
          />
          <path
            d="M38 25v-2h2v2h-2ZM23 25v-2h2v2h-2ZM8 25v-2h2v2H8Z"
          />
        </svg>
      </li>
      <li
        aria-label="第 20 页"
        class="arco-pagination-item"
      >
        20
      </li>
      <li
        aria-label="下一页"
        class="arco-pagination-item arco-pagination-item-next"
      >
        <svg
          aria-hidden="true"
          class="arco-icon arco-icon-right"
          fill="none"
          focusable="false"
          stroke="currentColor"
          stroke-width="4"
          viewBox="0 0 48 48"
        >
          <path
            d="m16 39.513 15.556-15.557L16 8.4"
          />
        </svg>
      </li>
    </ul>
    <div
      aria-label="页码"
      class="arco-pagination-option"
    >
      <div
        class="arco-select arco-select-single arco-select-size-default"
        tabindex="0"
      >
        <div
          class="arco-select-view"
          title="10 条/页"
        >
          <input
            autocomplete="off"
            class="arco-select-view-input arco-select-hidden"
            style="width:100%;pointer-events:none"
            tabindex="-1"
            value="10 条/页"
          />
          <span
            class="arco-select-view-value"
          >
            10 条/页
          </span>
          <div
            class="arco-select-suffix"
          >
            <div
              class="arco-select-arrow-icon"
            >
              <svg
                aria-hidden="true"
                class="arco-icon arco-icon-down"
                fill="none"
                focusable="false"
                stroke="currentColor"
                stroke-width="4"
                viewBox="0 0 48 48"
              >
                <path
                  d="M39.6 17.443 24.043 33 8.487 17.443"
                />
              </svg>
            </div>
          </div>
        </div>
      </div>
    </div>
  </div>,
  <div
    class="arco-picker arco-picker-range arco-picker-size-default"
    style="margin-bottom:20px;margin-right:40px;width:300px"
  >
    <div
      class="arco-picker-input arco-picker-input-active"
    >
      <input
        placeholder="开始日期"
        value=""
      />
    </div>
    <span
      class="arco-picker-separator"
    >
      -
    </span>
    <div
      class="arco-picker-input"
    >
      <input
        placeholder="结束日期"
        value=""
      />
    </div>
    <div
      class="arco-picker-suffix"
    >
      <span
        class="arco-picker-suffix-icon"
      >
        <svg
          aria-hidden="true"
          class="arco-icon arco-icon-calendar"
          fill="none"
          focusable="false"
          stroke="currentColor"
          stroke-width="4"
          viewBox="0 0 48 48"
        >
          <path
            d="M7 22h34M14 5v8m20-8v8M8 41h32a1 1 0 0 0 1-1V10a1 1 0 0 0-1-1H8a1 1 0 0 0-1 1v30a1 1 0 0 0 1 1Z"
          />
        </svg>
      </span>
    </div>
  </div>,
  <div
    class="arco-picker arco-picker-range arco-picker-size-default"
    style="margin-bottom:20px;margin-right:40px;width:300px"
  >
    <div
      class="arco-picker-input arco-picker-input-active"
    >
      <input
        placeholder="开始时间"
        value=""
      />
    </div>
    <span
      class="arco-picker-separator"
    >
      -
    </span>
    <div
      class="arco-picker-input"
    >
      <input
        placeholder="结束时间"
        value=""
      />
    </div>
    <div
      class="arco-picker-suffix"
    >
      <span
        class="arco-picker-suffix-icon"
      >
        <svg
          aria-hidden="true"
          class="arco-icon arco-icon-clock-circle"
          fill="none"
          focusable="false"
          stroke="currentColor"
          stroke-width="4"
          viewBox="0 0 48 48"
        >
          <path
            d="M24 14v10h9.5m8.5 0c0 9.941-8.059 18-18 18S6 33.941 6 24 14.059 6 24 6s18 8.059 18 18Z"
          />
        </svg>
      </span>
    </div>
  </div>,
  <button
    class="arco-btn arco-btn-primary arco-btn-size-default arco-btn-shape-square"
    style="margin-bottom:20px;margin-right:20px"
    type="button"
  >
    <span>
      Popconfirm
    </span>
  </button>,
  <button
    class="arco-btn arco-btn-secondary arco-btn-size-default arco-btn-shape-square"
    type="button"
  >
    <span>
      Modal confirm
    </span>
  </button>,
]
`;

exports[`renders ConfigProvider/demo/component-config.md correctly 1`] = `
<div
  class="arco-space arco-space-vertical"
>
  <div
    class="arco-space-item"
    style="margin-bottom:24px"
  >
    <div
      class="arco-space arco-space-horizontal arco-space-align-center"
    >
      <div
        class="arco-space-item"
        style="margin-right:24px"
      >
        <button
          class="arco-btn arco-btn-primary arco-btn-size-default arco-btn-shape-round"
          type="button"
        >
          <span>
            Button 1
          </span>
        </button>
      </div>
      <div
        class="arco-space-item"
        style="margin-right:24px"
      >
        <button
          class="arco-btn arco-btn-primary arco-btn-size-default arco-btn-shape-round arco-btn-status-success"
          type="button"
        >
          <span>
            Button 2
          </span>
        </button>
      </div>
      <div
        class="arco-space-item"
      >
        <button
          class="arco-btn arco-btn-secondary arco-btn-size-default arco-btn-shape-round"
          type="button"
        >
          <span>
            Button 2
          </span>
        </button>
      </div>
    </div>
  </div>
  <div
    class="arco-space-item"
    style="margin-bottom:24px"
  >
    <div
      class="arco-space arco-space-horizontal arco-space-align-center"
    >
      <div
        class="arco-space-item"
        style="margin-right:24px"
      >
        <div
          class="arco-radio-group arco-radio-group-type-button arco-radio-size-default arco-radio-mode-outline"
        >
          <label
            class="arco-radio-button arco-radio-checked"
          >
            <input
              checked=""
              type="radio"
              value="JavaScript"
            />
            <span
              class="arco-radio-button-inner"
            >
              JavaScript
            </span>
          </label>
          <label
            class="arco-radio-button"
          >
            <input
              type="radio"
              value="CSS"
            />
            <span
              class="arco-radio-button-inner"
            >
              CSS
            </span>
          </label>
          <label
            class="arco-radio-button"
          >
            <input
              type="radio"
              value="React"
            />
            <span
              class="arco-radio-button-inner"
            >
              React
            </span>
          </label>
          <label
            class="arco-radio-button"
          >
            <input
              type="radio"
              value="Vue"
            />
            <span
              class="arco-radio-button-inner"
            >
              Vue
            </span>
          </label>
        </div>
      </div>
      <div
        class="arco-space-item"
      >
        <div
          class="arco-radio-group arco-radio-group-type-button arco-radio-size-default arco-radio-mode-outline"
        >
          <label
            class="arco-radio-button arco-radio-checked"
          >
            <input
              checked=""
              type="radio"
              value="Light"
            />
            <span
              class="arco-radio-button-inner"
            >
              Light
            </span>
          </label>
          <label
            class="arco-radio-button"
          >
            <input
              type="radio"
              value="Dark"
            />
            <span
              class="arco-radio-button-inner"
            >
              Dark
            </span>
          </label>
        </div>
      </div>
    </div>
  </div>
  <div
    class="arco-space-item"
    style="margin-bottom:24px"
  >
    <div
      class="arco-space arco-space-horizontal arco-space-align-center"
    >
      <div
        class="arco-space-item"
        style="margin-right:24px"
      >
        <div
          class="arco-picker arco-picker-size-default"
        >
          <div
            class="arco-picker-input"
          >
            <input
              class="arco-picker-start-time"
              placeholder="请选择日期"
              value=""
            />
          </div>
          <div
            class="arco-picker-suffix"
          >
            <span
              class="arco-picker-suffix-icon"
            >
              <svg
                aria-hidden="true"
                class="arco-icon arco-icon-calendar-clock"
                fill="none"
                focusable="false"
                stroke="currentColor"
                stroke-width="4"
                viewBox="0 0 48 48"
              >
                <path
                  d="M7 22h34V10a1 1 0 0 0-1-1H8a1 1 0 0 0-1 1v30a1 1 0 0 0 1 1h18M34 5v8M14 5v8"
                />
                <path
                  clip-rule="evenodd"
                  d="M36 44a9 9 0 1 0 0-18 9 9 0 0 0 0 18Zm1.5-9.75V29h-3v8.25H42v-3h-4.5Z"
                  fill="currentColor"
                  fill-rule="evenodd"
                  stroke="none"
                />
              </svg>
            </span>
          </div>
        </div>
      </div>
      <div
        class="arco-space-item"
      >
        <div
          class="arco-picker arco-picker-range arco-picker-size-default"
        >
          <div
            class="arco-picker-input arco-picker-input-active"
          >
            <input
              placeholder="开始日期"
              value=""
            />
          </div>
          <span
            class="arco-picker-separator"
          >
            -
          </span>
          <div
            class="arco-picker-input"
          >
            <input
              placeholder="结束日期"
              value=""
            />
          </div>
          <div
            class="arco-picker-suffix"
          >
            <span
              class="arco-picker-suffix-icon"
            >
              <svg
                aria-hidden="true"
                class="arco-icon arco-icon-calendar"
                fill="none"
                focusable="false"
                stroke="currentColor"
                stroke-width="4"
                viewBox="0 0 48 48"
              >
                <path
                  d="M7 22h34M14 5v8m20-8v8M8 41h32a1 1 0 0 0 1-1V10a1 1 0 0 0-1-1H8a1 1 0 0 0-1 1v30a1 1 0 0 0 1 1Z"
                />
              </svg>
            </span>
          </div>
        </div>
      </div>
    </div>
  </div>
  <div
    class="arco-space-item"
    style="margin-bottom:24px"
  >
    <div
      class="arco-space arco-space-horizontal arco-space-align-center"
    >
      <div
        class="arco-space-item"
        style="margin-right:24px"
      >
        <div
          class="arco-input-group-wrapper arco-input-group-wrapper-default arco-input-has-suffix arco-input-number arco-input-number-mode-button arco-input-number-size-default"
        >
          <span
            class="arco-input-group"
          >
            <span
              class="arco-input-group-addbefore"
            >
              <div
                class="arco-input-number-step-button"
              >
                <svg
                  aria-hidden="true"
                  class="arco-icon arco-icon-minus"
                  fill="none"
                  focusable="false"
                  stroke="currentColor"
                  stroke-width="4"
                  viewBox="0 0 48 48"
                >
                  <path
                    d="M5 24h38"
                  />
                </svg>
              </div>
            </span>
            <span
              class="arco-input-inner-wrapper arco-input-inner-wrapper-default"
            >
              <input
                aria-valuemax="Infinity"
                aria-valuemin="-Infinity"
                aria-valuenow="2"
                class="arco-input arco-input-size-default"
                role="spinbutton"
                value="2"
              />
              <span
                class="arco-input-group-suffix"
              />
            </span>
            <span
              class="arco-input-group-addafter"
            >
              <div
                class="arco-input-number-step-button"
              >
                <svg
                  aria-hidden="true"
                  class="arco-icon arco-icon-plus"
                  fill="none"
                  focusable="false"
                  stroke="currentColor"
                  stroke-width="4"
                  viewBox="0 0 48 48"
                >
                  <path
                    d="M5 24h38M24 5v38"
                  />
                </svg>
              </div>
            </span>
          </span>
        </div>
      </div>
      <div
        class="arco-space-item"
      >
        <div
          class="arco-input-group-wrapper arco-input-group-wrapper-default arco-input-has-suffix arco-input-number arco-input-number-mode-button arco-input-number-size-default"
        >
          <span
            class="arco-input-group"
          >
            <span
              class="arco-input-group-addbefore"
            >
              <div
                class="arco-input-number-step-button"
              >
                <svg
                  aria-hidden="true"
                  class="arco-icon arco-icon-minus"
                  fill="none"
                  focusable="false"
                  stroke="currentColor"
                  stroke-width="4"
                  viewBox="0 0 48 48"
                >
                  <path
                    d="M5 24h38"
                  />
                </svg>
              </div>
            </span>
            <span
              class="arco-input-inner-wrapper arco-input-inner-wrapper-default"
            >
              <input
                aria-valuemax="Infinity"
                aria-valuemin="-Infinity"
                aria-valuenow="3"
                class="arco-input arco-input-size-default"
                role="spinbutton"
                value="3"
              />
              <span
                class="arco-input-group-suffix"
              />
            </span>
            <span
              class="arco-input-group-addafter"
            >
              <div
                class="arco-input-number-step-button"
              >
                <svg
                  aria-hidden="true"
                  class="arco-icon arco-icon-plus"
                  fill="none"
                  focusable="false"
                  stroke="currentColor"
                  stroke-width="4"
                  viewBox="0 0 48 48"
                >
                  <path
                    d="M5 24h38M24 5v38"
                  />
                </svg>
              </div>
            </span>
          </span>
        </div>
      </div>
    </div>
  </div>
  <div
    class="arco-space-item"
    style="margin-bottom:24px"
  >
    <div
      class="arco-space arco-space-horizontal arco-space-align-center"
    >
      <div
        class="arco-space-item"
        style="margin-right:24px"
      >
        <div
          class="arco-tag arco-tag-arcoblue arco-tag-checked arco-tag-size-large"
        >
          ArcoDesign
        </div>
      </div>
      <div
        class="arco-space-item"
        style="margin-right:24px"
      >
        <div
          class="arco-tag arco-tag-arcoblue arco-tag-checked arco-tag-size-large"
        >
          Design System
        </div>
      </div>
      <div
        class="arco-space-item"
        style="margin-right:24px"
      >
        <div
          class="arco-tag arco-tag-arcoblue arco-tag-checked arco-tag-size-large"
        >
          Component
        </div>
      </div>
      <div
        class="arco-space-item"
      >
        <div
          class="arco-tag arco-tag-arcoblue arco-tag-checked arco-tag-size-large"
        >
          Design Lab
        </div>
      </div>
    </div>
  </div>
  <div
    class="arco-space-item"
  >
    <div
      class="arco-table arco-table-size-default arco-table-hover"
    >
      <div
        class="arco-spin"
      >
        <div
          class="arco-spin-children"
        >
          <div
            class="arco-table-container"
          >
            <div
              class="arco-table-content-scroll"
            >
              <div
                class="arco-table-content-inner"
              >
                <table>
                  <colgroup>
                    <col />
                    <col />
                    <col />
                    <col />
                  </colgroup>
                  <thead>
                    <tr
                      class="arco-table-tr"
                    >
                      <th
                        class="arco-table-th"
                      >
                        <div
                          class="arco-table-th-item"
                        >
                          <span
                            class="arco-table-th-item-title"
                          >
                            Name
                          </span>
                        </div>
                      </th>
                      <th
                        class="arco-table-th"
                      >
                        <div
                          class="arco-table-th-item"
                        >
                          <span
                            class="arco-table-th-item-title"
                          >
                            Salary
                          </span>
                        </div>
                      </th>
                      <th
                        class="arco-table-th"
                      >
                        <div
                          class="arco-table-th-item"
                        >
                          <span
                            class="arco-table-th-item-title"
                          >
                            Address
                          </span>
                        </div>
                      </th>
                      <th
                        class="arco-table-th"
                      >
                        <div
                          class="arco-table-th-item"
                        >
                          <span
                            class="arco-table-th-item-title"
                          >
                            Email
                          </span>
                        </div>
                      </th>
                    </tr>
                  </thead>
                  <tbody>
                    <tr
                      class="arco-table-tr arco-table-empty-row"
                    >
                      <td
                        class="arco-table-td"
                        colspan="4"
                      >
                        <div
                          class="arco-table-no-data"
                        >
                          Oops, no data ~
                        </div>
                      </td>
                    </tr>
                  </tbody>
                </table>
              </div>
            </div>
          </div>
        </div>
      </div>
    </div>
  </div>
</div>
`;

exports[`renders ConfigProvider/demo/renderEmpty.md correctly 1`] = `
Array [
  <div
    class="arco-space arco-space-horizontal arco-space-align-center"
  >
    <div
      class="arco-space-item"
      style="margin-right:8px"
    >
      <div
        class="arco-cascader arco-cascader-single arco-cascader-size-default"
        style="width:200px"
        tabindex="0"
      >
        <div
          class="arco-cascader-view"
          title=""
        >
          <input
            autocomplete="off"
            class="arco-cascader-view-input"
            placeholder="Cascader"
            style="width:100%;pointer-events:none"
            tabindex="-1"
            value=""
          />
          <span
            class="arco-cascader-view-value arco-cascader-hidden"
          />
          <div
            class="arco-cascader-suffix"
          >
            <div
              class="arco-cascader-arrow-icon"
            >
              <svg
                aria-hidden="true"
                class="arco-icon arco-icon-down"
                fill="none"
                focusable="false"
                stroke="currentColor"
                stroke-width="4"
                viewBox="0 0 48 48"
              >
                <path
                  d="M39.6 17.443 24.043 33 8.487 17.443"
                />
              </svg>
            </div>
          </div>
        </div>
      </div>
    </div>
    <div
      class="arco-space-item"
      style="margin-right:8px"
    >
      <div
        class="arco-select arco-select-single arco-select-size-default"
        style="width:200px"
        tabindex="0"
      >
        <div
          class="arco-select-view"
          title=""
        >
          <input
            autocomplete="off"
            class="arco-select-view-input"
            placeholder="Select"
            style="width:100%;pointer-events:none"
            tabindex="-1"
            value=""
          />
          <span
            class="arco-select-view-value arco-select-hidden"
          />
          <div
            class="arco-select-suffix"
          >
            <div
              class="arco-select-arrow-icon"
            >
              <svg
                aria-hidden="true"
                class="arco-icon arco-icon-down"
                fill="none"
                focusable="false"
                stroke="currentColor"
                stroke-width="4"
                viewBox="0 0 48 48"
              >
                <path
                  d="M39.6 17.443 24.043 33 8.487 17.443"
                />
              </svg>
            </div>
          </div>
        </div>
      </div>
    </div>
    <div
      class="arco-space-item"
    >
      <div
        class="arco-tree-select arco-tree-select-single arco-tree-select-size-default"
        style="width:200px"
        tabindex="0"
      >
        <div
          class="arco-tree-select-view"
          title=""
        >
          <input
            autocomplete="off"
            class="arco-tree-select-view-input"
            placeholder="TreeSelect"
            style="width:100%;pointer-events:none"
            tabindex="-1"
            value=""
          />
          <span
            class="arco-tree-select-view-value arco-tree-select-hidden"
          />
          <div
            class="arco-tree-select-suffix"
          >
            <div
              class="arco-tree-select-arrow-icon"
            >
              <svg
                aria-hidden="true"
                class="arco-icon arco-icon-down"
                fill="none"
                focusable="false"
                stroke="currentColor"
                stroke-width="4"
                viewBox="0 0 48 48"
              >
                <path
                  d="M39.6 17.443 24.043 33 8.487 17.443"
                />
              </svg>
            </div>
          </div>
        </div>
      </div>
    </div>
  </div>,
  <div
    class="arco-list-wrapper"
  >
    <div
      class="arco-list arco-list-default"
      style="margin-top:20px"
    >
      <div
        class="arco-list-header"
      >
        Empty List
      </div>
      <div
        class="arco-list-content"
        role="list"
      >
        <div
          class="arco-empty"
        >
          <div
            class="arco-empty-wrapper"
          >
            <div
              class="arco-empty-image"
            >
              <svg
                aria-hidden="true"
                class="arco-icon arco-icon-empty"
                fill="none"
                focusable="false"
                stroke="currentColor"
                stroke-width="4"
                viewBox="0 0 48 48"
              >
                <path
                  d="M24 5v6m7 1 4-4m-18 4-4-4m28.5 22H28s-1 3-4 3-4-3-4-3H6.5M40 41H8a2 2 0 0 1-2-2v-8.46a2 2 0 0 1 .272-1.007l6.15-10.54A2 2 0 0 1 14.148 18H33.85a2 2 0 0 1 1.728.992l6.149 10.541A2 2 0 0 1 42 30.541V39a2 2 0 0 1-2 2Z"
                />
              </svg>
            </div>
            <div
              class="arco-empty-description"
            >
              List no data!
            </div>
          </div>
        </div>
      </div>
    </div>
  </div>,
  <div
    class="arco-table arco-table-size-default arco-table-border arco-table-hover"
    style="margin-top:20px"
  >
    <div
      class="arco-spin"
    >
      <div
        class="arco-spin-children"
      >
        <div
          class="arco-table-container"
        >
          <div
            class="arco-table-content-scroll"
          >
            <div
              class="arco-table-content-inner"
            >
              <table>
                <colgroup>
                  <col />
                  <col />
                </colgroup>
                <thead>
                  <tr
                    class="arco-table-tr"
                  >
                    <th
                      class="arco-table-th"
                    >
                      <div
                        class="arco-table-th-item"
                      >
                        <span
                          class="arco-table-th-item-title"
                        >
                          Name
                        </span>
                      </div>
                    </th>
                    <th
                      class="arco-table-th"
                    >
                      <div
                        class="arco-table-th-item"
                      >
                        <span
                          class="arco-table-th-item-title"
                        >
                          Age
                        </span>
                      </div>
                    </th>
                  </tr>
                </thead>
                <tbody>
                  <tr
                    class="arco-table-tr arco-table-empty-row"
                  >
                    <td
                      class="arco-table-td"
                      colspan="2"
                    >
                      <div
                        class="arco-table-no-data"
                      >
                        <div
                          class="arco-empty"
                        >
                          <div
                            class="arco-empty-wrapper"
                          >
                            <div
                              class="arco-empty-image"
                            >
                              <svg
                                aria-hidden="true"
                                class="arco-icon arco-icon-empty"
                                fill="none"
                                focusable="false"
                                stroke="currentColor"
                                stroke-width="4"
                                viewBox="0 0 48 48"
                              >
                                <path
                                  d="M24 5v6m7 1 4-4m-18 4-4-4m28.5 22H28s-1 3-4 3-4-3-4-3H6.5M40 41H8a2 2 0 0 1-2-2v-8.46a2 2 0 0 1 .272-1.007l6.15-10.54A2 2 0 0 1 14.148 18H33.85a2 2 0 0 1 1.728.992l6.149 10.541A2 2 0 0 1 42 30.541V39a2 2 0 0 1-2 2Z"
                                />
                              </svg>
                            </div>
                            <div
                              class="arco-empty-description"
                            >
                              Table no data!
                            </div>
                          </div>
                        </div>
                      </div>
                    </td>
                  </tr>
                </tbody>
              </table>
            </div>
          </div>
        </div>
      </div>
    </div>
  </div>,
]
`;

exports[`renders ConfigProvider/demo/tablePagination.md correctly 1`] = `
Array [
  <div
    class="arco-space arco-space-horizontal arco-space-align-center"
    style="margin-bottom:10px"
  >
    <div
      class="arco-space-item"
      style="margin-right:8px"
    >
      <span
        class="arco-typography"
      >
        tablePagination.hideOnSinglePage
      </span>
    </div>
    <div
      class="arco-space-item"
    >
      <button
        aria-checked="true"
        class="arco-switch arco-switch-type-circle arco-switch-checked"
        role="switch"
        type="button"
      >
        <div
          class="arco-switch-dot"
        />
      </button>
    </div>
  </div>,
  <div
    class="arco-table arco-table-size-default arco-table-border arco-table-hover"
  >
    <div
      class="arco-spin"
    >
      <div
        class="arco-spin-children"
      >
        <div
          class="arco-table-container"
        >
          <div
            class="arco-table-content-scroll"
          >
            <div
              class="arco-table-content-inner"
            >
              <table>
                <colgroup>
                  <col />
                  <col />
                  <col />
                  <col />
                </colgroup>
                <thead>
                  <tr
                    class="arco-table-tr"
                  >
                    <th
                      class="arco-table-th"
                    >
                      <div
                        class="arco-table-th-item"
                      >
                        <span
                          class="arco-table-th-item-title"
                        >
                          Name
                        </span>
                      </div>
                    </th>
                    <th
                      class="arco-table-th"
                    >
                      <div
                        class="arco-table-th-item"
                      >
                        <span
                          class="arco-table-th-item-title"
                        >
                          Salary
                        </span>
                      </div>
                    </th>
                    <th
                      class="arco-table-th"
                    >
                      <div
                        class="arco-table-th-item"
                      >
                        <span
                          class="arco-table-th-item-title"
                        >
                          Address
                        </span>
                      </div>
                    </th>
                    <th
                      class="arco-table-th"
                    >
                      <div
                        class="arco-table-th-item"
                      >
                        <span
                          class="arco-table-th-item-title"
                        >
                          Email
                        </span>
                      </div>
                    </th>
                  </tr>
                </thead>
                <tbody>
                  <tr
                    class="arco-table-tr"
                  >
                    <td
                      class="arco-table-td"
                    >
                      <div
                        class="arco-table-cell"
                      >
                        <span
                          class="arco-table-cell-wrap-value"
                        >
                          Jane Doe
                        </span>
                      </div>
                    </td>
                    <td
                      class="arco-table-td"
                    >
                      <div
                        class="arco-table-cell"
                      >
                        <span
                          class="arco-table-cell-wrap-value"
                        >
                          23000
                        </span>
                      </div>
                    </td>
                    <td
                      class="arco-table-td"
                    >
                      <div
                        class="arco-table-cell"
                      >
                        <span
                          class="arco-table-cell-wrap-value"
                        >
                          32 Park Road, London
                        </span>
                      </div>
                    </td>
                    <td
                      class="arco-table-td"
                    >
                      <div
                        class="arco-table-cell"
                      >
                        <span
                          class="arco-table-cell-wrap-value"
                        >
                          jane.doe@example.com
                        </span>
                      </div>
                    </td>
                  </tr>
                  <tr
                    class="arco-table-tr"
                  >
                    <td
                      class="arco-table-td"
                    >
                      <div
                        class="arco-table-cell"
                      >
                        <span
                          class="arco-table-cell-wrap-value"
                        >
                          Alisa Ross
                        </span>
                      </div>
                    </td>
                    <td
                      class="arco-table-td"
                    >
                      <div
                        class="arco-table-cell"
                      >
                        <span
                          class="arco-table-cell-wrap-value"
                        >
                          25000
                        </span>
                      </div>
                    </td>
                    <td
                      class="arco-table-td"
                    >
                      <div
                        class="arco-table-cell"
                      >
                        <span
                          class="arco-table-cell-wrap-value"
                        >
                          35 Park Road, London
                        </span>
                      </div>
                    </td>
                    <td
                      class="arco-table-td"
                    >
                      <div
                        class="arco-table-cell"
                      >
                        <span
                          class="arco-table-cell-wrap-value"
                        >
                          alisa.ross@example.com
                        </span>
                      </div>
                    </td>
                  </tr>
                  <tr
                    class="arco-table-tr"
                  >
                    <td
                      class="arco-table-td"
                    >
                      <div
                        class="arco-table-cell"
                      >
                        <span
                          class="arco-table-cell-wrap-value"
                        >
                          Kevin Sandra
                        </span>
                      </div>
                    </td>
                    <td
                      class="arco-table-td"
                    >
                      <div
                        class="arco-table-cell"
                      >
                        <span
                          class="arco-table-cell-wrap-value"
                        >
                          22000
                        </span>
                      </div>
                    </td>
                    <td
                      class="arco-table-td"
                    >
                      <div
                        class="arco-table-cell"
                      >
                        <span
                          class="arco-table-cell-wrap-value"
                        >
                          31 Park Road, London
                        </span>
                      </div>
                    </td>
                    <td
                      class="arco-table-td"
                    >
                      <div
                        class="arco-table-cell"
                      >
                        <span
                          class="arco-table-cell-wrap-value"
                        >
                          kevin.sandra@example.com
                        </span>
                      </div>
                    </td>
                  </tr>
                </tbody>
              </table>
            </div>
          </div>
        </div>
        <div
          class="arco-table-pagination"
        />
      </div>
    </div>
  </div>,
]
`;

exports[`renders ConfigProvider/demo/theme.md correctly 1`] = `
Array [
  <div
    class="arco-radio-group arco-radio-size-default arco-radio-mode-outline"
    style="display:block;margin-bottom:40px"
  >
    <label
      class="arco-radio"
    >
      <input
        name="theme"
        type="radio"
        value="blue"
      />
      <span
        class="arco-icon-hover arco-radio-icon-hover arco-radio-mask-wrapper"
      >
        <div
          class="arco-radio-mask"
        />
      </span>
      <span
        class="arco-radio-text"
      >
        blue
      </span>
    </label>
    <label
      class="arco-radio"
    >
      <input
        name="theme"
        type="radio"
        value="red"
      />
      <span
        class="arco-icon-hover arco-radio-icon-hover arco-radio-mask-wrapper"
      >
        <div
          class="arco-radio-mask"
        />
      </span>
      <span
        class="arco-radio-text"
      >
        red
      </span>
    </label>
    <label
      class="arco-radio"
    >
      <input
        name="theme"
        type="radio"
        value="green"
      />
      <span
        class="arco-icon-hover arco-radio-icon-hover arco-radio-mask-wrapper"
      >
        <div
          class="arco-radio-mask"
        />
      </span>
      <span
        class="arco-radio-text"
      >
        green
      </span>
    </label>
    <label
      class="arco-radio"
    >
      <input
        name="theme"
        type="radio"
        value="orange"
      />
      <span
        class="arco-icon-hover arco-radio-icon-hover arco-radio-mask-wrapper"
      >
        <div
          class="arco-radio-mask"
        />
      </span>
      <span
        class="arco-radio-text"
      >
        orange
      </span>
    </label>
  </div>,
  <button
    class="arco-btn arco-btn-primary arco-btn-size-default arco-btn-shape-square"
    style="margin-right:40px"
    type="button"
  >
    <span>
      Button
    </span>
  </button>,
  <input
    class="arco-input arco-input-size-default"
    placeholder="Please Enter ..."
    style="width:200px"
    value=""
  />,
]
`;
