// Jest Snapshot v1, https://goo.gl/fbAQLP

exports[`renders Watermark/demo/basic.md correctly 1`] = `
<div
  class="arco-watermark"
>
  <div
    style="height:300px"
  />
</div>
`;

exports[`renders Watermark/demo/container.md correctly 1`] = `
<div
  class="arco-row arco-row-align-start arco-row-justify-space-between"
>
  <div
    id="demo-watermark-1"
    style="width:400px;height:300px;line-height:300px;text-align:center;background:var(--color-primary-light-1)"
  >
    Click to mount the watermark here
  </div>
  <div
    id="demo-watermark-2"
    style="width:400px;height:300px;line-height:300px;text-align:center;background:var(--color-warning-light-1)"
  >
    Click to mount the watermark here
  </div>
</div>
`;

exports[`renders Watermark/demo/contents.md correctly 1`] = `
<div
  class="arco-watermark"
>
  <div
    style="height:300px"
  />
</div>
`;

exports[`renders Watermark/demo/image.md correctly 1`] = `
<div
  class="arco-watermark"
>
  <div
    style="height:300px"
  />
</div>
`;

exports[`renders Watermark/demo/props.md correctly 1`] = `
<div
  class="arco-row arco-row-align-start arco-row-justify-start"
  style="color:var(--color-text-2);flex-wrap:nowrap"
>
  <div
    class="arco-watermark"
  >
    <div>
      <h2
        class="arco-typography"
      >
        ArcoDesign 的诞生
      </h2>
      <span
        class="arco-typography"
      >
        <b>
          ArcoDesign
        </b>
      </span>
       是一套设计系统的简称。
      <ul
        style="list-style-type:circle;padding-left:20px"
      >
        <li>
          ArcoDesign 的目标, 即通过通用的设计系统去解决产品中的体验问题, 并为产品设计提供指导原则解决业务问题，同时它能够促进设计部门和研发部门之间协作, 成为开发者之间沟通的语言。
        </li>
        <li>
          ArcoDesign 主要服务于字节跳动旗下中后台产品的体验设计和技术实现，主要由UED设计和开发同学共同构建及维护。
        </li>
      </ul>
      <h2
        class="arco-typography"
      >
         设计语言 - 务实的浪漫主义
      </h2>
      <img
        src="https://p1-arco.byteimg.com/tos-cn-i-uwbnlip3yd/f50ceefbbf0946c894d492c961e9da8d~tplv-uwbnlip3yd-image.image"
        style="z-index:50;position:relative"
        width="600"
      />
      <h3
        class="arco-typography"
      >
         ArcoDesign试图建立一种工作模式
      </h3>
      务实=同理心 浪漫=想象力
      <ul
        style="list-style-type:circle;padding-left:20px"
      >
        <li>
          首先在于务实能够通过设计系统去解决大部分需求极大提高效率解放双手。让设计师&开发能去做一些更"浪漫"即发挥创新&想象力的东西。
        </li>
        <li>
          在产品侧我们不仅能够通过设计体系去务实的搭建基础功能，甚至可以通过它去配置一些能称得上浪漫的产品追求
        </li>
        <li>
          浪漫与务实, 并非矛盾对立。通过对它们的定义得出设计语言的价值观, 这贯穿着整个设计语言。务实与浪漫相辅相成, 成为引导设计方向。
        </li>
      </ul>
    </div>
  </div>
  <form
    class="arco-form arco-form-vertical arco-form-size-default"
    style="width:264px;flex-shrink:0;border-left:1px solid var(--color-border-2);padding-left:24px;margin-left:24px"
  >
    <div
      class="arco-row-align-start arco-row-justify-start arco-form-item arco-form-layout-vertical"
    >
      <div
        class="arco-form-label-item"
      >
        <label
          for="content_input"
        >
           内容
        </label>
      </div>
      <div
        class="arco-form-item-wrapper"
      >
        <div
          class="arco-form-item-control-wrapper"
        >
          <div
            class="arco-form-item-control"
            id="content"
          >
            <div
              class="arco-form-item-control-children"
            >
              <input
                class="arco-input arco-input-size-default"
                id="content_input"
                value="Arco Design"
              />
            </div>
          </div>
        </div>
      </div>
    </div>
    <div
      class="arco-row-align-start arco-row-justify-start arco-form-item arco-form-layout-vertical"
    >
      <div
        class="arco-form-label-item"
      >
        <label
          for="fontWeight_input"
        >
           字重
        </label>
      </div>
      <div
        class="arco-form-item-wrapper"
      >
        <div
          class="arco-form-item-control-wrapper"
        >
          <div
            class="arco-form-item-control"
            id="fontWeight"
          >
            <div
              class="arco-form-item-control-children"
            >
              <div
                class="arco-radio-group arco-radio-size-default arco-radio-mode-outline"
                role="radiogroup"
              >
                <label
                  class="arco-radio"
                >
                  <input
                    type="radio"
                    value="lighter"
                  />
                  <span
                    class="arco-icon-hover arco-radio-icon-hover arco-radio-mask-wrapper"
                  >
                    <div
                      class="arco-radio-mask"
                    />
                  </span>
                  <span
                    class="arco-radio-text"
                  >
                    lighter
                  </span>
                </label>
                <label
                  class="arco-radio arco-radio-checked"
                >
                  <input
                    checked=""
                    type="radio"
                    value="normal"
                  />
                  <span
                    class="arco-icon-hover arco-radio-icon-hover arco-icon-hover-disabled arco-radio-mask-wrapper"
                  >
                    <div
                      class="arco-radio-mask"
                    />
                  </span>
                  <span
                    class="arco-radio-text"
                  >
                    normal
                  </span>
                </label>
                <label
                  class="arco-radio"
                >
                  <input
                    type="radio"
                    value="bold"
                  />
                  <span
                    class="arco-icon-hover arco-radio-icon-hover arco-radio-mask-wrapper"
                  >
                    <div
                      class="arco-radio-mask"
                    />
                  </span>
                  <span
                    class="arco-radio-text"
                  >
                    bold
                  </span>
                </label>
              </div>
            </div>
          </div>
        </div>
      </div>
    </div>
    <div
      class="arco-row-align-start arco-row-justify-start arco-form-item arco-form-layout-vertical"
    >
      <div
        class="arco-form-label-item"
      >
        <label
          for="fontFamily_input"
        >
           字族
        </label>
      </div>
      <div
        class="arco-form-item-wrapper"
      >
        <div
          class="arco-form-item-control-wrapper"
        >
          <div
            class="arco-form-item-control"
            id="fontFamily"
          >
            <div
              class="arco-form-item-control-children"
            >
              <div
                class="arco-radio-group arco-radio-size-default arco-radio-mode-outline"
                role="radiogroup"
              >
                <label
                  class="arco-radio arco-radio-checked"
                >
                  <input
                    checked=""
                    type="radio"
                    value="sans-serif"
                  />
                  <span
                    class="arco-icon-hover arco-radio-icon-hover arco-icon-hover-disabled arco-radio-mask-wrapper"
                  >
                    <div
                      class="arco-radio-mask"
                    />
                  </span>
                  <span
                    class="arco-radio-text"
                  >
                    sans-serif
                  </span>
                </label>
                <label
                  class="arco-radio"
                >
                  <input
                    type="radio"
                    value="serif"
                  />
                  <span
                    class="arco-icon-hover arco-radio-icon-hover arco-radio-mask-wrapper"
                  >
                    <div
                      class="arco-radio-mask"
                    />
                  </span>
                  <span
                    class="arco-radio-text"
                  >
                    serif
                  </span>
                </label>
              </div>
            </div>
          </div>
        </div>
      </div>
    </div>
    <div
      class="arco-row-align-start arco-row-justify-start arco-form-item arco-form-layout-vertical"
    >
      <div
        class="arco-form-label-item"
      >
        <label
          for="color_input"
        >
           颜色
        </label>
      </div>
      <div
        class="arco-form-item-wrapper"
      >
        <div
          class="arco-form-item-control-wrapper"
        >
          <div
            class="arco-form-item-control"
            id="color"
          >
            <div
              class="arco-form-item-control-children"
            >
              <div
                class="arco-radio-group arco-radio-size-default arco-radio-mode-outline"
                role="radiogroup"
              >
                <label
                  class="arco-radio"
                >
                  <input
                    type="radio"
                    value="rgba(0,0,0,0.02)"
                  />
                  <span
                    class="arco-icon-hover arco-radio-icon-hover arco-radio-mask-wrapper"
                  >
                    <div
                      class="arco-radio-mask"
                    />
                  </span>
                  <span
                    class="arco-radio-text"
                  >
                    极浅
                  </span>
                </label>
                <label
                  class="arco-radio"
                >
                  <input
                    type="radio"
                    value="rgba(0,0,0,0.08)"
                  />
                  <span
                    class="arco-icon-hover arco-radio-icon-hover arco-radio-mask-wrapper"
                  >
                    <div
                      class="arco-radio-mask"
                    />
                  </span>
                  <span
                    class="arco-radio-text"
                  >
                    浅
                  </span>
                </label>
                <label
                  class="arco-radio arco-radio-checked"
                >
                  <input
                    checked=""
                    type="radio"
                    value="rgba(0,0,0,0.12)"
                  />
                  <span
                    class="arco-icon-hover arco-radio-icon-hover arco-icon-hover-disabled arco-radio-mask-wrapper"
                  >
                    <div
                      class="arco-radio-mask"
                    />
                  </span>
                  <span
                    class="arco-radio-text"
                  >
                    正常
                  </span>
                </label>
                <label
                  class="arco-radio"
                >
                  <input
                    type="radio"
                    value="rgba(0,0,0,0.2)"
                  />
                  <span
                    class="arco-icon-hover arco-radio-icon-hover arco-radio-mask-wrapper"
                  >
                    <div
                      class="arco-radio-mask"
                    />
                  </span>
                  <span
                    class="arco-radio-text"
                  >
                    深
                  </span>
                </label>
                <label
                  class="arco-radio"
                >
                  <input
                    type="radio"
                    value="rgba(0,0,0,0.3)"
                  />
                  <span
                    class="arco-icon-hover arco-radio-icon-hover arco-radio-mask-wrapper"
                  >
                    <div
                      class="arco-radio-mask"
                    />
                  </span>
                  <span
                    class="arco-radio-text"
                  >
                    极深
                  </span>
                </label>
              </div>
            </div>
          </div>
        </div>
      </div>
    </div>
    <div
      class="arco-row-align-start arco-row-justify-start arco-form-item arco-form-layout-vertical"
    >
      <div
        class="arco-form-label-item"
      >
        <label
          for="fontSize_input"
        >
           字体大小
        </label>
      </div>
      <div
        class="arco-form-item-wrapper"
      >
        <div
          class="arco-form-item-control-wrapper"
        >
          <div
            class="arco-form-item-control"
            id="fontSize"
          >
            <div
              class="arco-form-item-control-children"
            >
              <div
                class="arco-slider"
                id="fontSize_input"
              >
                <div
                  class="arco-slider-wrapper"
                >
                  <div
                    class="arco-slider-road"
                  >
                    <div
                      class="arco-slider-bar"
                      style="left:0%;right:95.45454545454545%"
                    />
                    <div
                      aria-disabled="false"
                      aria-valuemax="100"
                      aria-valuemin="12"
                      aria-valuenow="16"
                      aria-valuetext="16"
                      class="arco-slider-button"
                      role="slider"
                      style="left:4.545454545454546%"
                      tabindex="0"
                    />
                  </div>
                </div>
              </div>
            </div>
          </div>
        </div>
      </div>
    </div>
    <div
      class="arco-row-align-start arco-row-justify-start arco-form-item arco-form-layout-vertical"
    >
      <div
        class="arco-form-label-item"
      >
        <label
          for="rotate_input"
        >
           旋转角度
        </label>
      </div>
      <div
        class="arco-form-item-wrapper"
      >
        <div
          class="arco-form-item-control-wrapper"
        >
          <div
            class="arco-form-item-control"
            id="rotate"
          >
            <div
              class="arco-form-item-control-children"
            >
              <div
                class="arco-slider"
                id="rotate_input"
              >
                <div
                  class="arco-slider-wrapper"
                >
                  <div
                    class="arco-slider-road"
                  >
                    <div
                      class="arco-slider-bar"
                      style="left:0%;right:41.666666666666664%"
                    />
                    <div
                      aria-disabled="false"
                      aria-valuemax="180"
                      aria-valuemin="-180"
                      aria-valuenow="30"
                      aria-valuetext="30"
                      class="arco-slider-button"
                      role="slider"
                      style="left:58.333333333333336%"
                      tabindex="0"
                    />
                  </div>
                </div>
              </div>
            </div>
          </div>
        </div>
      </div>
    </div>
    <div
      class="arco-row-align-start arco-row-justify-start arco-form-item arco-form-layout-vertical"
    >
      <div
        class="arco-form-label-item"
      >
        <label
          for="zIndex_input"
        >
           zIndex
        </label>
      </div>
      <div
        class="arco-form-item-wrapper"
      >
        <div
          class="arco-form-item-control-wrapper"
        >
          <div
            class="arco-form-item-control"
            id="zIndex"
          >
            <div
              class="arco-form-item-control-children"
            >
              <div
                class="arco-slider"
                id="zIndex_input"
              >
                <div
                  class="arco-slider-wrapper"
                >
                  <div
                    class="arco-slider-road"
                  >
                    <div
                      class="arco-slider-bar"
                      style="left:0%;right:98.01980198019803%"
                    />
                    <div
                      aria-disabled="false"
                      aria-valuemax="100"
                      aria-valuemin="-1"
                      aria-valuenow="1"
                      aria-valuetext="1"
                      class="arco-slider-button"
                      role="slider"
                      style="left:1.98019801980198%"
                      tabindex="0"
                    />
                  </div>
                </div>
              </div>
            </div>
          </div>
        </div>
      </div>
    </div>
    <div
      class="arco-row-align-start arco-row-justify-start arco-form-item arco-form-layout-vertical"
    >
      <div
        class="arco-form-label-item"
      >
        <label>
           间距
        </label>
      </div>
      <div
        class="arco-form-item-wrapper"
      >
        <div
          class="arco-form-item-control-wrapper"
        >
          <div
            class="arco-form-item-control"
          >
            <div
              class="arco-form-item-control-children"
            >
              <div
                class="arco-space arco-space-horizontal arco-space-align-center"
              >
                <div
                  class="arco-space-item"
                  style="margin-right:8px"
                >
                  <div
                    class="arco-input-group-wrapper arco-input-group-wrapper-default arco-input-has-suffix arco-input-number arco-input-number-mode-embed arco-input-number-size-default"
                  >
                    <span
                      class="arco-input-group"
                    >
                      <span
                        class="arco-input-inner-wrapper arco-input-inner-wrapper-default"
                      >
                        <input
                          aria-valuemax="Infinity"
                          aria-valuemin="-Infinity"
                          aria-valuenow="100"
                          class="arco-input arco-input-size-default"
                          id="gapsX_input"
                          placeholder="水平间距"
                          role="spinbutton"
                          value="100"
                        />
                        <span
                          class="arco-input-group-suffix"
                        >
                          <div
                            class="arco-input-number-step-layer"
                          >
                            <div
                              class="arco-input-number-step-button"
                            >
                              <svg
                                aria-hidden="true"
                                class="arco-icon arco-icon-up"
                                fill="none"
                                focusable="false"
                                stroke="currentColor"
                                stroke-width="4"
                                viewBox="0 0 48 48"
                              >
                                <path
                                  d="M39.6 30.557 24.043 15 8.487 30.557"
                                />
                              </svg>
                            </div>
                            <div
                              class="arco-input-number-step-button"
                            >
                              <svg
                                aria-hidden="true"
                                class="arco-icon arco-icon-down"
                                fill="none"
                                focusable="false"
                                stroke="currentColor"
                                stroke-width="4"
                                viewBox="0 0 48 48"
                              >
                                <path
                                  d="M39.6 17.443 24.043 33 8.487 17.443"
                                />
                              </svg>
                            </div>
                          </div>
                        </span>
                      </span>
                    </span>
                  </div>
                </div>
                <div
                  class="arco-space-item"
                >
                  <div
                    class="arco-input-group-wrapper arco-input-group-wrapper-default arco-input-has-suffix arco-input-number arco-input-number-mode-embed arco-input-number-size-default"
                  >
                    <span
                      class="arco-input-group"
                    >
                      <span
                        class="arco-input-inner-wrapper arco-input-inner-wrapper-default"
                      >
                        <input
                          aria-valuemax="Infinity"
                          aria-valuemin="-Infinity"
                          aria-valuenow="100"
                          class="arco-input arco-input-size-default"
                          id="gapsY_input"
                          placeholder="竖直间距"
                          role="spinbutton"
                          value="100"
                        />
                        <span
                          class="arco-input-group-suffix"
                        >
                          <div
                            class="arco-input-number-step-layer"
                          >
                            <div
                              class="arco-input-number-step-button"
                            >
                              <svg
                                aria-hidden="true"
                                class="arco-icon arco-icon-up"
                                fill="none"
                                focusable="false"
                                stroke="currentColor"
                                stroke-width="4"
                                viewBox="0 0 48 48"
                              >
                                <path
                                  d="M39.6 30.557 24.043 15 8.487 30.557"
                                />
                              </svg>
                            </div>
                            <div
                              class="arco-input-number-step-button"
                            >
                              <svg
                                aria-hidden="true"
                                class="arco-icon arco-icon-down"
                                fill="none"
                                focusable="false"
                                stroke="currentColor"
                                stroke-width="4"
                                viewBox="0 0 48 48"
                              >
                                <path
                                  d="M39.6 17.443 24.043 33 8.487 17.443"
                                />
                              </svg>
                            </div>
                          </div>
                        </span>
                      </span>
                    </span>
                  </div>
                </div>
              </div>
            </div>
          </div>
        </div>
      </div>
    </div>
    <div
      class="arco-row-align-start arco-row-justify-start arco-form-item arco-form-layout-vertical"
    >
      <div
        class="arco-form-label-item"
      >
        <label>
           偏移
        </label>
      </div>
      <div
        class="arco-form-item-wrapper"
      >
        <div
          class="arco-form-item-control-wrapper"
        >
          <div
            class="arco-form-item-control"
          >
            <div
              class="arco-form-item-control-children"
            >
              <div
                class="arco-space arco-space-horizontal arco-space-align-center"
              >
                <div
                  class="arco-space-item"
                  style="margin-right:8px"
                >
                  <div
                    class="arco-input-group-wrapper arco-input-group-wrapper-default arco-input-has-suffix arco-input-number arco-input-number-mode-embed arco-input-number-size-default"
                  >
                    <span
                      class="arco-input-group"
                    >
                      <span
                        class="arco-input-inner-wrapper arco-input-inner-wrapper-default"
                      >
                        <input
                          aria-valuemax="Infinity"
                          aria-valuemin="-Infinity"
                          class="arco-input arco-input-size-default"
                          id="offsetX_input"
                          placeholder="水平偏移"
                          role="spinbutton"
                          value=""
                        />
                        <span
                          class="arco-input-group-suffix"
                        >
                          <div
                            class="arco-input-number-step-layer"
                          >
                            <div
                              class="arco-input-number-step-button"
                            >
                              <svg
                                aria-hidden="true"
                                class="arco-icon arco-icon-up"
                                fill="none"
                                focusable="false"
                                stroke="currentColor"
                                stroke-width="4"
                                viewBox="0 0 48 48"
                              >
                                <path
                                  d="M39.6 30.557 24.043 15 8.487 30.557"
                                />
                              </svg>
                            </div>
                            <div
                              class="arco-input-number-step-button"
                            >
                              <svg
                                aria-hidden="true"
                                class="arco-icon arco-icon-down"
                                fill="none"
                                focusable="false"
                                stroke="currentColor"
                                stroke-width="4"
                                viewBox="0 0 48 48"
                              >
                                <path
                                  d="M39.6 17.443 24.043 33 8.487 17.443"
                                />
                              </svg>
                            </div>
                          </div>
                        </span>
                      </span>
                    </span>
                  </div>
                </div>
                <div
                  class="arco-space-item"
                >
                  <div
                    class="arco-input-group-wrapper arco-input-group-wrapper-default arco-input-has-suffix arco-input-number arco-input-number-mode-embed arco-input-number-size-default"
                  >
                    <span
                      class="arco-input-group"
                    >
                      <span
                        class="arco-input-inner-wrapper arco-input-inner-wrapper-default"
                      >
                        <input
                          aria-valuemax="Infinity"
                          aria-valuemin="-Infinity"
                          class="arco-input arco-input-size-default"
                          id="offsetY_input"
                          placeholder="垂直偏移"
                          role="spinbutton"
                          value=""
                        />
                        <span
                          class="arco-input-group-suffix"
                        >
                          <div
                            class="arco-input-number-step-layer"
                          >
                            <div
                              class="arco-input-number-step-button"
                            >
                              <svg
                                aria-hidden="true"
                                class="arco-icon arco-icon-up"
                                fill="none"
                                focusable="false"
                                stroke="currentColor"
                                stroke-width="4"
                                viewBox="0 0 48 48"
                              >
                                <path
                                  d="M39.6 30.557 24.043 15 8.487 30.557"
                                />
                              </svg>
                            </div>
                            <div
                              class="arco-input-number-step-button"
                            >
                              <svg
                                aria-hidden="true"
                                class="arco-icon arco-icon-down"
                                fill="none"
                                focusable="false"
                                stroke="currentColor"
                                stroke-width="4"
                                viewBox="0 0 48 48"
                              >
                                <path
                                  d="M39.6 17.443 24.043 33 8.487 17.443"
                                />
                              </svg>
                            </div>
                          </div>
                        </span>
                      </span>
                    </span>
                  </div>
                </div>
              </div>
            </div>
          </div>
        </div>
      </div>
    </div>
  </form>
</div>
`;
